// Jest Snapshot v1, https://goo.gl/fbAQLP

exports[`Game component render 1`] = `
<div>
  <div
    class="game"
  >
    <div
      class="gridContainer"
    >
      <div
        class="grid"
      >
        <div
          class="gridRow"
        >
          <div
            class="cell"
          />
          <div
            class="cell"
          />
          <div
            class="cell"
          />
          <div
            class="cell"
          />
          <div
            class="cell"
          />
          <div
            class="cell"
          />
          <div
            class="cell"
          />
          <div
            class="cell"
          />
          <div
            class="cell"
          />
          <div
            class="cell"
          />
        </div>
        <div
          class="gridRow"
        >
          <div
            class="cell"
          />
          <div
            class="cell"
          />
          <div
            class="cell"
          />
          <div
            class="cell"
          />
          <div
            class="cell"
          />
          <div
            class="cell"
          />
          <div
            class="cell"
          />
          <div
            class="cell"
          />
          <div
            class="cell"
          />
          <div
            class="cell"
          />
        </div>
        <div
          class="gridRow"
        >
          <div
            class="cell"
          />
          <div
            class="cell"
          />
          <div
            class="cell"
          />
          <div
            class="cell"
          />
          <div
            class="cell"
          />
          <div
            class="cell"
          />
          <div
            class="cell"
          />
          <div
            class="cell"
          />
          <div
            class="cell"
          />
          <div
            class="cell"
          />
        </div>
        <div
          class="gridRow"
        >
          <div
            class="cell"
          />
          <div
            class="cell"
          />
          <div
            class="cell"
          />
          <div
            class="cell"
          />
          <div
            class="cell"
          />
          <div
            class="cell"
          />
          <div
            class="cell"
          />
          <div
            class="cell"
          />
          <div
            class="cell"
          />
          <div
            class="cell"
          />
        </div>
        <div
          class="gridRow"
        >
          <div
            class="cell"
          />
          <div
            class="cell"
          />
          <div
            class="cell"
          />
          <div
            class="cell"
          />
          <div
            class="cell"
          />
          <div
            class="cell"
          />
          <div
            class="cell"
          />
          <div
            class="cell"
          />
          <div
            class="cell"
          />
          <div
            class="cell"
          />
        </div>
        <div
          class="gridRow"
        >
          <div
            class="cell"
          />
          <div
            class="cell"
          />
          <div
            class="cell"
          />
          <div
            class="cell"
          />
          <div
            class="cell"
          />
          <div
            class="cell"
          />
          <div
            class="cell"
          />
          <div
            class="cell"
          />
          <div
            class="cell"
          />
          <div
            class="cell"
          />
        </div>
        <div
          class="gridRow"
        >
          <div
            class="cell"
          />
          <div
            class="cell"
          />
          <div
            class="cell"
          />
          <div
            class="cell"
          />
          <div
            class="cell"
          />
          <div
            class="cell"
          />
          <div
            class="cell"
          />
          <div
            class="cell"
          />
          <div
            class="cell"
          />
          <div
            class="cell"
          />
        </div>
        <div
          class="gridRow"
        >
          <div
            class="cell"
          />
          <div
            class="cell"
          />
          <div
            class="cell"
          />
          <div
            class="cell"
          />
          <div
            class="cell"
          />
          <div
            class="cell"
          />
          <div
            class="cell"
          />
          <div
            class="cell"
          />
          <div
            class="cell"
          />
          <div
            class="cell"
          />
        </div>
        <div
          class="gridRow"
        >
          <div
            class="cell"
          />
          <div
            class="cell"
          />
          <div
            class="cell"
          />
          <div
            class="cell"
          />
          <div
            class="cell"
          />
          <div
            class="cell"
          />
          <div
            class="cell"
          />
          <div
            class="cell"
          />
          <div
            class="cell"
          />
          <div
            class="cell"
          />
        </div>
        <div
          class="gridRow"
        >
          <div
            class="cell"
          />
          <div
            class="cell"
          />
          <div
            class="cell"
          />
          <div
            class="cell"
          />
          <div
            class="cell"
          />
          <div
            class="cell"
          />
          <div
            class="cell"
          />
          <div
            class="cell"
          />
          <div
            class="cell"
          />
          <div
            class="cell"
          />
        </div>
        <div
          class="gridRow"
        >
          <div
            class="cell"
          />
          <div
            class="cell"
          />
          <div
            class="cell"
          />
          <div
            class="cell"
          />
          <div
            class="cell"
          />
          <div
            class="cell"
          />
          <div
            class="cell"
          />
          <div
            class="cell"
          />
          <div
            class="cell"
          />
          <div
            class="cell"
          />
        </div>
        <div
          class="gridRow"
        >
          <div
            class="cell"
          />
          <div
            class="cell"
          />
          <div
            class="cell"
          />
          <div
            class="cell"
          />
          <div
            class="cell"
          />
          <div
            class="cell"
          />
          <div
            class="cell"
          />
          <div
            class="cell"
          />
          <div
            class="cell"
          />
          <div
            class="cell"
          />
        </div>
        <div
          class="gridRow"
        >
          <div
            class="cell"
          />
          <div
            class="cell"
          />
          <div
            class="cell"
          />
          <div
            class="cell"
          />
          <div
            class="cell"
          />
          <div
            class="cell"
          />
          <div
            class="cell"
          />
          <div
            class="cell"
          />
          <div
            class="cell"
          />
          <div
            class="cell"
          />
        </div>
        <div
          class="gridRow"
        >
          <div
            class="cell"
          />
          <div
            class="cell"
          />
          <div
            class="cell"
          />
          <div
            class="cell"
          />
          <div
            class="cell"
          />
          <div
            class="cell"
          />
          <div
            class="cell"
          />
          <div
            class="cell"
          />
          <div
            class="cell"
          />
          <div
            class="cell"
          />
        </div>
        <div
          class="gridRow"
        >
          <div
            class="cell"
          />
          <div
            class="cell"
          />
          <div
            class="cell"
          />
          <div
            class="cell"
          />
          <div
            class="cell"
          />
          <div
            class="cell"
          />
          <div
            class="cell"
          />
          <div
            class="cell"
          />
          <div
            class="cell"
          />
          <div
            class="cell"
          />
        </div>
        <div
          class="gridRow"
        >
          <div
            class="cell"
          />
          <div
            class="cell"
          />
          <div
            class="cell"
          />
          <div
            class="cell"
          />
          <div
            class="cell"
          />
          <div
            class="cell"
          />
          <div
            class="cell"
          />
          <div
            class="cell"
          />
          <div
            class="cell"
          />
          <div
            class="cell"
          />
        </div>
        <div
          class="gridRow"
        >
          <div
            class="cell"
          />
          <div
            class="cell"
          />
          <div
            class="cell"
          />
          <div
            class="cell"
          />
          <div
            class="cell"
          />
          <div
            class="cell"
          />
          <div
            class="cell"
          />
          <div
            class="cell"
          />
          <div
            class="cell"
          />
          <div
            class="cell"
          />
        </div>
        <div
          class="gridRow"
        >
          <div
            class="cell"
          />
          <div
            class="cell"
          />
          <div
            class="cell"
          />
          <div
            class="cell"
          />
          <div
            class="cell"
          />
          <div
            class="cell"
          />
          <div
            class="cell"
          />
          <div
            class="cell"
          />
          <div
            class="cell"
          />
          <div
            class="cell"
          />
        </div>
        <div
          class="gridRow"
        >
          <div
            class="cell"
          />
          <div
            class="cell"
          />
          <div
            class="cell"
          />
          <div
            class="cell"
          />
          <div
            class="cell"
          />
          <div
            class="cell"
          />
          <div
            class="cell"
          />
          <div
            class="cell"
          />
          <div
            class="cell"
          />
          <div
            class="cell"
          />
        </div>
        <div
          class="gridRow"
        >
          <div
            class="cell"
          />
          <div
            class="cell"
          />
          <div
            class="cell"
          />
          <div
            class="cell"
          />
          <div
            class="cell"
          />
          <div
            class="cell"
          />
          <div
            class="cell"
          />
          <div
            class="cell"
          />
          <div
            class="cell"
          />
          <div
            class="cell"
          />
        </div>
        <div
          class="gridRow"
        >
          <div
            class="cell"
          />
          <div
            class="cell"
          />
          <div
            class="cell"
          />
          <div
            class="cell"
          />
          <div
            class="cell"
          />
          <div
            class="cell"
          />
          <div
            class="cell"
          />
          <div
            class="cell"
          />
          <div
            class="cell"
          />
          <div
            class="cell"
          />
        </div>
      </div>
      <div
        class="gridOverlay"
      >
        <h2
          class="titleHeading"
        >
          REATRIS
        </h2>
        <div
          class="btn"
        >
          <p>
            Start Game
          </p>
        </div>
      </div>
    </div>
  </div>
</div>
`;
