// Jest Snapshot v1, https://goo.gl/fbAQLP

exports[`Game component Click on 'Play Again' shows countdown counter 1`] = `
<p
  class="number"
>
  3
</p>
`;

exports[`Game component Game started, Score displayed 1`] = `
<p>
  Score
</p>
`;

exports[`Game component Number 1 Displayed after 2 seconds 1`] = `
<p
  class="number"
>
  1
</p>
`;

exports[`Game component Number 2 Displayed after 1 second 1`] = `
<p
  class="number"
>
  2
</p>
`;

exports[`Game component Number 3 Displayed after click Start 1`] = `
<p
  class="number"
>
  3
</p>
`;

exports[`Game component Render 1`] = `
<div>
  <div
    class="game"
  >
    <div
      class="gridContainer"
    >
      <div
        class="grid"
      >
        <div
          class="gridRow"
        >
          <div
            class="cell"
          />
          <div
            class="cell"
          />
          <div
            class="cell"
          />
          <div
            class="cell"
          />
          <div
            class="cell"
          />
          <div
            class="cell"
          />
          <div
            class="cell"
          />
          <div
            class="cell"
          />
          <div
            class="cell"
          />
          <div
            class="cell"
          />
        </div>
        <div
          class="gridRow"
        >
          <div
            class="cell"
          />
          <div
            class="cell"
          />
          <div
            class="cell"
          />
          <div
            class="cell"
          />
          <div
            class="cell"
          />
          <div
            class="cell"
          />
          <div
            class="cell"
          />
          <div
            class="cell"
          />
          <div
            class="cell"
          />
          <div
            class="cell"
          />
        </div>
        <div
          class="gridRow"
        >
          <div
            class="cell"
          />
          <div
            class="cell"
          />
          <div
            class="cell"
          />
          <div
            class="cell"
          />
          <div
            class="cell"
          />
          <div
            class="cell"
          />
          <div
            class="cell"
          />
          <div
            class="cell"
          />
          <div
            class="cell"
          />
          <div
            class="cell"
          />
        </div>
        <div
          class="gridRow"
        >
          <div
            class="cell"
          />
          <div
            class="cell"
          />
          <div
            class="cell"
          />
          <div
            class="cell"
          />
          <div
            class="cell"
          />
          <div
            class="cell"
          />
          <div
            class="cell"
          />
          <div
            class="cell"
          />
          <div
            class="cell"
          />
          <div
            class="cell"
          />
        </div>
        <div
          class="gridRow"
        >
          <div
            class="cell"
          />
          <div
            class="cell"
          />
          <div
            class="cell"
          />
          <div
            class="cell"
          />
          <div
            class="cell"
          />
          <div
            class="cell"
          />
          <div
            class="cell"
          />
          <div
            class="cell"
          />
          <div
            class="cell"
          />
          <div
            class="cell"
          />
        </div>
        <div
          class="gridRow"
        >
          <div
            class="cell"
          />
          <div
            class="cell"
          />
          <div
            class="cell"
          />
          <div
            class="cell"
          />
          <div
            class="cell"
          />
          <div
            class="cell"
          />
          <div
            class="cell"
          />
          <div
            class="cell"
          />
          <div
            class="cell"
          />
          <div
            class="cell"
          />
        </div>
        <div
          class="gridRow"
        >
          <div
            class="cell"
          />
          <div
            class="cell"
          />
          <div
            class="cell"
          />
          <div
            class="cell"
          />
          <div
            class="cell"
          />
          <div
            class="cell"
          />
          <div
            class="cell"
          />
          <div
            class="cell"
          />
          <div
            class="cell"
          />
          <div
            class="cell"
          />
        </div>
        <div
          class="gridRow"
        >
          <div
            class="cell"
          />
          <div
            class="cell"
          />
          <div
            class="cell"
          />
          <div
            class="cell"
          />
          <div
            class="cell"
          />
          <div
            class="cell"
          />
          <div
            class="cell"
          />
          <div
            class="cell"
          />
          <div
            class="cell"
          />
          <div
            class="cell"
          />
        </div>
        <div
          class="gridRow"
        >
          <div
            class="cell"
          />
          <div
            class="cell"
          />
          <div
            class="cell"
          />
          <div
            class="cell"
          />
          <div
            class="cell"
          />
          <div
            class="cell"
          />
          <div
            class="cell"
          />
          <div
            class="cell"
          />
          <div
            class="cell"
          />
          <div
            class="cell"
          />
        </div>
        <div
          class="gridRow"
        >
          <div
            class="cell"
          />
          <div
            class="cell"
          />
          <div
            class="cell"
          />
          <div
            class="cell"
          />
          <div
            class="cell"
          />
          <div
            class="cell"
          />
          <div
            class="cell"
          />
          <div
            class="cell"
          />
          <div
            class="cell"
          />
          <div
            class="cell"
          />
        </div>
        <div
          class="gridRow"
        >
          <div
            class="cell"
          />
          <div
            class="cell"
          />
          <div
            class="cell"
          />
          <div
            class="cell"
          />
          <div
            class="cell"
          />
          <div
            class="cell"
          />
          <div
            class="cell"
          />
          <div
            class="cell"
          />
          <div
            class="cell"
          />
          <div
            class="cell"
          />
        </div>
        <div
          class="gridRow"
        >
          <div
            class="cell"
          />
          <div
            class="cell"
          />
          <div
            class="cell"
          />
          <div
            class="cell"
          />
          <div
            class="cell"
          />
          <div
            class="cell"
          />
          <div
            class="cell"
          />
          <div
            class="cell"
          />
          <div
            class="cell"
          />
          <div
            class="cell"
          />
        </div>
        <div
          class="gridRow"
        >
          <div
            class="cell"
          />
          <div
            class="cell"
          />
          <div
            class="cell"
          />
          <div
            class="cell"
          />
          <div
            class="cell"
          />
          <div
            class="cell"
          />
          <div
            class="cell"
          />
          <div
            class="cell"
          />
          <div
            class="cell"
          />
          <div
            class="cell"
          />
        </div>
        <div
          class="gridRow"
        >
          <div
            class="cell"
          />
          <div
            class="cell"
          />
          <div
            class="cell"
          />
          <div
            class="cell"
          />
          <div
            class="cell"
          />
          <div
            class="cell"
          />
          <div
            class="cell"
          />
          <div
            class="cell"
          />
          <div
            class="cell"
          />
          <div
            class="cell"
          />
        </div>
        <div
          class="gridRow"
        >
          <div
            class="cell"
          />
          <div
            class="cell"
          />
          <div
            class="cell"
          />
          <div
            class="cell"
          />
          <div
            class="cell"
          />
          <div
            class="cell"
          />
          <div
            class="cell"
          />
          <div
            class="cell"
          />
          <div
            class="cell"
          />
          <div
            class="cell"
          />
        </div>
        <div
          class="gridRow"
        >
          <div
            class="cell"
          />
          <div
            class="cell"
          />
          <div
            class="cell"
          />
          <div
            class="cell"
          />
          <div
            class="cell"
          />
          <div
            class="cell"
          />
          <div
            class="cell"
          />
          <div
            class="cell"
          />
          <div
            class="cell"
          />
          <div
            class="cell"
          />
        </div>
        <div
          class="gridRow"
        >
          <div
            class="cell"
          />
          <div
            class="cell"
          />
          <div
            class="cell"
          />
          <div
            class="cell"
          />
          <div
            class="cell"
          />
          <div
            class="cell"
          />
          <div
            class="cell"
          />
          <div
            class="cell"
          />
          <div
            class="cell"
          />
          <div
            class="cell"
          />
        </div>
        <div
          class="gridRow"
        >
          <div
            class="cell"
          />
          <div
            class="cell"
          />
          <div
            class="cell"
          />
          <div
            class="cell"
          />
          <div
            class="cell"
          />
          <div
            class="cell"
          />
          <div
            class="cell"
          />
          <div
            class="cell"
          />
          <div
            class="cell"
          />
          <div
            class="cell"
          />
        </div>
        <div
          class="gridRow"
        >
          <div
            class="cell"
          />
          <div
            class="cell"
          />
          <div
            class="cell"
          />
          <div
            class="cell"
          />
          <div
            class="cell"
          />
          <div
            class="cell"
          />
          <div
            class="cell"
          />
          <div
            class="cell"
          />
          <div
            class="cell"
          />
          <div
            class="cell"
          />
        </div>
        <div
          class="gridRow"
        >
          <div
            class="cell"
          />
          <div
            class="cell"
          />
          <div
            class="cell"
          />
          <div
            class="cell"
          />
          <div
            class="cell"
          />
          <div
            class="cell"
          />
          <div
            class="cell"
          />
          <div
            class="cell"
          />
          <div
            class="cell"
          />
          <div
            class="cell"
          />
        </div>
        <div
          class="gridRow"
        >
          <div
            class="cell"
          />
          <div
            class="cell"
          />
          <div
            class="cell"
          />
          <div
            class="cell"
          />
          <div
            class="cell"
          />
          <div
            class="cell"
          />
          <div
            class="cell"
          />
          <div
            class="cell"
          />
          <div
            class="cell"
          />
          <div
            class="cell"
          />
        </div>
      </div>
      <div
        class="gridOverlay"
      >
        <h2
          class="titleHeading"
        >
          REATRIS
        </h2>
        <div
          class="btn"
        >
          <p>
            Start Game
          </p>
        </div>
      </div>
    </div>
  </div>
</div>
`;

exports[`Game component Render Play Again button 1`] = `
<p>
  Play Again?
</p>
`;

exports[`Game component Render Start button 1`] = `
<p>
  Start Game
</p>
`;
